#-----------------------------------------------------------
# PlanAhead v14.7
# Build 321239 by xbuild on Fri Sep 27 19:31:35 MDT 2013
# Start of session at: Fri Dec 03 14:32:17 2021
# Process ID: 22548
# Log file: C:/xilinx__workspace/Final/planAhead_run_3/planAhead.log
# Journal file: C:/xilinx__workspace/Final/planAhead_run_3/planAhead.jou
#-----------------------------------------------------------
start_gui
source C:/xilinx__workspace/Final/pa.fromHdl.tcl
update_compile_order -fileset sim_1
startgroup
set_property package_pin P6 [get_ports P6]
endgroup
startgroup
set_property package_pin P7 [get_ports P7]
endgroup
startgroup
set_property package_pin P9 [get_ports P9]
endgroup
startgroup
set_property package_pin P11 [get_ports P11]
endgroup
startgroup
set_property package_pin P14 [get_ports P14]
endgroup
startgroup
set_property package_pin P16 [get_ports P16]
endgroup
startgroup
set_property package_pin P24 [get_ports P24]
endgroup
startgroup
set_property package_pin P21 [get_ports P21]
endgroup
save_constraints
