#-----------------------------------------------------------
# PlanAhead v14.7
# Build 321239 by xbuild on Fri Sep 27 19:31:35 MDT 2013
# Start of session at: Tue Nov 23 14:10:42 2021
# Process ID: 20860
# Log file: C:/xilinx__workspace/test6/planAhead_run_1/planAhead.log
# Journal file: C:/xilinx__workspace/test6/planAhead_run_1/planAhead.jou
#-----------------------------------------------------------
start_gui
source C:/xilinx__workspace/test6/pa.fromHdl.tcl
update_compile_order -fileset sim_1
startgroup
set_property package_pin P41 [get_ports A]
endgroup
startgroup
set_property package_pin P40 [get_ports B]
endgroup
startgroup
set_property package_pin P35 [get_ports C]
endgroup
startgroup
set_property package_pin P123 [get_ports CLK]
endgroup
startgroup
set_property package_pin P44 [get_ports Com0]
endgroup
startgroup
set_property package_pin P43 [get_ports Com1]
endgroup
startgroup
set_property package_pin P33 [get_ports Com2]
endgroup
startgroup
set_property package_pin P30 [get_ports Com3]
endgroup
startgroup
set_property package_pin P34 [get_ports D]
endgroup
startgroup
set_property package_pin P32 [get_ports E]
endgroup
startgroup
set_property package_pin P29 [get_ports F]
endgroup
save_constraints
