#-----------------------------------------------------------
# PlanAhead v14.7
# Build 321239 by xbuild on Fri Sep 27 19:31:35 MDT 2013
# Start of session at: Wed Dec 15 21:23:44 2021
# Process ID: 22912
# Log file: C:/xilinx__workspace/checkLED/planAhead_run_1/planAhead.log
# Journal file: C:/xilinx__workspace/checkLED/planAhead_run_1/planAhead.jou
#-----------------------------------------------------------
start_gui
source C:/xilinx__workspace/checkLED/pa.fromHdl.tcl
update_compile_order -fileset sim_1
startgroup
set_property package_pin P124 [get_ports G0]
endgroup
startgroup
set_property package_pin P127 [get_ports G1]
endgroup
startgroup
set_property package_pin P132 [get_ports G2]
endgroup
startgroup
set_property package_pin P134 [get_ports G3]
endgroup
startgroup
set_property package_pin P138 [get_ports G4]
endgroup
startgroup
set_property package_pin P140 [get_ports G5]
endgroup
startgroup
set_property package_pin P142 [get_ports G6]
endgroup
startgroup
set_property package_pin P1 [get_ports G7]
endgroup
startgroup
set_property package_pin P5 [get_ports G8]
endgroup
startgroup
set_property package_pin P126 [get_ports R0]
endgroup
startgroup
set_property package_pin P131 [get_ports R1]
endgroup
startgroup
set_property package_pin P133 [get_ports R2]
endgroup
startgroup
set_property package_pin P137 [get_ports R3]
endgroup
startgroup
set_property package_pin P139 [get_ports R4]
endgroup
startgroup
set_property package_pin P141 [get_ports R5]
endgroup
startgroup
set_property package_pin P143 [get_ports R6]
endgroup
startgroup
set_property package_pin P2 [get_ports R7]
endgroup
startgroup
set_property package_pin P6 [get_ports R8]
endgroup
save_constraints
